UNIT     STATUS     READY  DEPENDS ON                               
app      pending    false  db (completed) ✓, migrate (completed) ✗  
cache    pending    true   db (completed) ✓                         
db       completed  false                                           
migrate  started    false                                           
